nohup: ignoring input
=== PINN v9.6 - Interface Coupling Enhancement ===
Thin layer thickness δ = 0.0350
External region length = 6.0000
Catalytic constant k_cat* = 1.0, γ = 10.0
Simulation time T_sim = 1.0000
Using device: cuda
Total trainable parameters: 330,883

Loaded v9.5 best model from epoch 54000

================================================================================
Initial Model Status (loaded from v9.5 best)

============================================================
Validation @ Epoch 54000
============================================================
Nernst RMSE: 6.7536e-02
Nernst Max:  1.1085e-01
Peak Current: -5.1644 @ θ=-2.44
Conservation A+B: 5.96e-08
Conservation C+D: 0.00e+00
============================================================

================================================================================
Starting v9.6 training
================================================================================
Using device: cuda

================================================================================
Starting v9.6 training from epoch 54000
Key changes:
  1. Interface weight: 50 → 200 (4x increase)
  2. Interface sampling: n_points/2 → max(8000, n_points)
  3. Farfield sampling: n_points/10 → n_points/5
  4. Flux sign: UNCHANGED (analysis shows equivalent to FDM)
================================================================================

============================================================
Validation @ Epoch 54000
============================================================
Nernst RMSE: 7.3197e-02
Nernst Max:  1.1717e-01
Peak Current: -5.2053 @ θ=-2.84
Conservation A+B: 1.19e-07
Conservation C+D: 0.00e+00
============================================================
✅ Model saved to ./pinn_thin_layer_catalytic_v9_6_best.pth (epoch 54000)
  ✓ New best model saved (Nernst: 7.3197e-02)

Epoch 54000 | Total: 2.4586e+00
  PDE_thin: 8.5688e-02 | PDE_ext: 3.4585e-03
  Surface: 6.2562e-02 (w=20.00)
  Interface: 6.0989e-04 (w=200.0)
  Hard: A+B=1.19e-07, C+D=0.00e+00
  Nernst=7.09e-02 | J_rxn=5.3739e+00
  C_B(δ)=0.6832, C_C(δ)=7.5092
  Best Nernst: 7.32e-02 @ 54000
  LR: 5.00e-05

============================================================
Validation @ Epoch 54500
============================================================
Nernst RMSE: 7.6754e-02
Nernst Max:  1.2585e-01
Peak Current: -5.1876 @ θ=-2.58
Conservation A+B: 5.96e-08
Conservation C+D: 0.00e+00
============================================================

Epoch 54500 | Total: 4.0832e+00
  PDE_thin: 2.2634e-01 | PDE_ext: 1.4432e-03
  Surface: 6.9113e-02 (w=23.63)
  Interface: 2.7797e-04 (w=200.0)
  Hard: A+B=1.19e-07, C+D=0.00e+00
  Nernst=8.28e-02 | J_rxn=4.6330e+00
  C_B(δ)=0.5861, C_C(δ)=7.4709
  Best Nernst: 7.32e-02 @ 54000
  LR: 5.00e-05

============================================================
Validation @ Epoch 55000
============================================================
Nernst RMSE: 7.9159e-02
Nernst Max:  1.2929e-01
Peak Current: -5.2143 @ θ=-2.71
Conservation A+B: 1.19e-07
Conservation C+D: 0.00e+00
============================================================

Epoch 55000 | Total: 3.1377e+00
  PDE_thin: 9.7288e-02 | PDE_ext: 9.8020e-04
  Surface: 7.3037e-02 (w=27.91)
  Interface: 1.9559e-04 (w=200.0)
  Hard: A+B=1.19e-07, C+D=0.00e+00
  Nernst=8.13e-02 | J_rxn=5.1593e+00
  C_B(δ)=0.6326, C_C(δ)=7.7492
  Best Nernst: 7.32e-02 @ 54000
  LR: 4.99e-05

============================================================
Validation @ Epoch 55500
============================================================
Nernst RMSE: 7.8005e-02
Nernst Max:  1.2747e-01
Peak Current: -5.2157 @ θ=-2.58
Conservation A+B: 5.96e-08
Conservation C+D: 0.00e+00
============================================================

Epoch 55500 | Total: 3.2586e+00
  PDE_thin: 6.7926e-02 | PDE_ext: 8.8479e-04
  Surface: 7.4345e-02 (w=32.97)
  Interface: 2.4449e-04 (w=200.0)
  Hard: A+B=1.19e-07, C+D=0.00e+00
  Nernst=7.37e-02 | J_rxn=5.1985e+00
  C_B(δ)=0.6472, C_C(δ)=7.6684
  Best Nernst: 7.32e-02 @ 54000
  LR: 4.97e-05

============================================================
Validation @ Epoch 56000
============================================================
Nernst RMSE: 7.7276e-02
Nernst Max:  1.2629e-01
Peak Current: -5.2266 @ θ=-2.58
Conservation A+B: 1.19e-07
Conservation C+D: 0.00e+00
============================================================

Epoch 56000 | Total: 4.9891e+00
  PDE_thin: 2.0760e-01 | PDE_ext: 1.2423e-03
  Surface: 7.1564e-02 (w=38.95)
  Interface: 1.8612e-04 (w=200.0)
  Hard: A+B=1.19e-07, C+D=0.00e+00
  Nernst=7.00e-02 | J_rxn=4.7206e+00
  C_B(δ)=0.6167, C_C(δ)=7.3815
  Best Nernst: 7.32e-02 @ 54000
  LR: 4.95e-05

============================================================
Interface Physics Verification (v9.6)
============================================================
Mean reaction rate J_rxn: 3.0809e+00
Interface C_B mean: 4.4421e-01
Interface C_C mean: 7.3750e+00

Flux verification:
  J_A mean: -3.0880e+00, error: 1.0936e-02
  J_B mean: 3.0880e+00, error: 1.0936e-02
  J_C mean: -3.0880e+00, error: 7.1365e-03
  J_D mean: 3.0880e+00, error: 7.1365e-03

Mass conservation:
  Net flux: 0.0000e+00 (should be ≈ 0)
============================================================

============================================================
Validation @ Epoch 56500
============================================================
Nernst RMSE: 7.6060e-02
Nernst Max:  1.2454e-01
Peak Current: -5.2330 @ θ=-2.58
Conservation A+B: 5.96e-08
Conservation C+D: 0.00e+00
============================================================

Epoch 56500 | Total: 4.4071e+00
  PDE_thin: 1.1213e-01 | PDE_ext: 1.3494e-03
  Surface: 6.8657e-02 (w=46.02)
  Interface: 1.3828e-04 (w=200.0)
  Hard: A+B=1.19e-07, C+D=0.00e+00
  Nernst=8.81e-02 | J_rxn=4.9410e+00
  C_B(δ)=0.6213, C_C(δ)=7.5638
  Best Nernst: 7.32e-02 @ 54000
  LR: 4.91e-05

============================================================
Validation @ Epoch 57000
============================================================
Nernst RMSE: 7.3815e-02
Nernst Max:  1.2102e-01
Peak Current: -5.2250 @ θ=-2.58
Conservation A+B: 5.96e-08
Conservation C+D: 0.00e+00
============================================================

Epoch 57000 | Total: 5.0423e+00
  PDE_thin: 6.7589e-02 | PDE_ext: 1.3087e-03
  Surface: 6.9389e-02 (w=60.00)
  Interface: 4.9819e-04 (w=200.0)
  Hard: A+B=1.19e-07, C+D=0.00e+00
  Nernst=7.43e-02 | J_rxn=5.1221e+00
  C_B(δ)=0.6549, C_C(δ)=7.4889
  Best Nernst: 7.32e-02 @ 54000
  LR: 4.88e-05

============================================================
Validation @ Epoch 57500
============================================================
Nernst RMSE: 6.9880e-02
Nernst Max:  1.1478e-01
Peak Current: -5.2527 @ θ=-2.58
Conservation A+B: 5.96e-08
Conservation C+D: 0.00e+00
============================================================
✅ Model saved to ./pinn_thin_layer_catalytic_v9_6_best.pth (epoch 57500)
  ✓ New best model saved (Nernst: 6.9880e-02)

Epoch 57500 | Total: 5.8391e+00
  PDE_thin: 6.7752e-02 | PDE_ext: 1.6164e-03
  Surface: 6.4907e-02 (w=77.04)
  Interface: 1.8970e-04 (w=200.0)
  Hard: A+B=5.96e-08, C+D=0.00e+00
  Nernst=8.83e-02 | J_rxn=4.1906e+00
  C_B(δ)=0.5521, C_C(δ)=7.2902
  Best Nernst: 6.99e-02 @ 57500
  LR: 4.83e-05

============================================================
Validation @ Epoch 58000
============================================================
Nernst RMSE: 6.6670e-02
Nernst Max:  1.0984e-01
Peak Current: -5.2696 @ θ=-2.58
Conservation A+B: 5.96e-08
Conservation C+D: 0.00e+00
============================================================
✅ Model saved to ./pinn_thin_layer_catalytic_v9_6_best.pth (epoch 58000)
  ✓ New best model saved (Nernst: 6.6670e-02)

Epoch 58000 | Total: 7.0872e+00
  PDE_thin: 7.8266e-02 | PDE_ext: 1.9859e-03
  Surface: 6.1801e-02 (w=98.92)
  Interface: 2.0720e-04 (w=200.0)
  Hard: A+B=1.19e-07, C+D=0.00e+00
  Nernst=6.57e-02 | J_rxn=5.0772e+00
  C_B(δ)=0.6437, C_C(δ)=7.5443
  Best Nernst: 6.67e-02 @ 58000
  LR: 4.78e-05

============================================================
Interface Physics Verification (v9.6)
============================================================
Mean reaction rate J_rxn: 3.0902e+00
Interface C_B mean: 4.5321e-01
Interface C_C mean: 7.2632e+00

Flux verification:
  J_A mean: -3.0870e+00, error: 5.5984e-03
  J_B mean: 3.0870e+00, error: 5.5984e-03
  J_C mean: -3.0921e+00, error: 2.8642e-03
  J_D mean: 3.0921e+00, error: 2.8642e-03

Mass conservation:
  Net flux: 0.0000e+00 (should be ≈ 0)
============================================================

============================================================
Validation @ Epoch 58500
============================================================
Nernst RMSE: 6.3281e-02
Nernst Max:  1.0445e-01
Peak Current: -5.2511 @ θ=-2.58
Conservation A+B: 5.96e-08
Conservation C+D: 0.00e+00
============================================================
✅ Model saved to ./pinn_thin_layer_catalytic_v9_6_best.pth (epoch 58500)
  ✓ New best model saved (Nernst: 6.3281e-02)

Epoch 58500 | Total: 8.5931e+00
  PDE_thin: 8.9200e-02 | PDE_ext: 2.7949e-03
  Surface: 5.8746e-02 (w=127.02)
  Interface: 2.5411e-04 (w=200.0)
  Hard: A+B=1.19e-07, C+D=0.00e+00
  Nernst=6.45e-02 | J_rxn=4.8539e+00
  C_B(δ)=0.6249, C_C(δ)=7.3387
  Best Nernst: 6.33e-02 @ 58500
  LR: 4.73e-05

============================================================
Validation @ Epoch 59000
============================================================
Nernst RMSE: 5.9271e-02
Nernst Max:  9.8439e-02
Peak Current: -5.2348 @ θ=-2.44
Conservation A+B: 1.19e-07
Conservation C+D: 0.00e+00
============================================================
✅ Model saved to ./pinn_thin_layer_catalytic_v9_6_best.pth (epoch 59000)
  ✓ New best model saved (Nernst: 5.9271e-02)

Epoch 59000 | Total: 1.0085e+01
  PDE_thin: 9.2686e-02 | PDE_ext: 4.2028e-03
  Surface: 5.3958e-02 (w=163.10)
  Interface: 3.2016e-04 (w=200.0)
  Hard: A+B=1.19e-07, C+D=0.00e+00
  Nernst=5.86e-02 | J_rxn=4.7491e+00
  C_B(δ)=0.6237, C_C(δ)=7.2112
  Best Nernst: 5.93e-02 @ 59000
  LR: 4.67e-05

============================================================
Validation @ Epoch 59500
============================================================
Nernst RMSE: 5.6913e-02
Nernst Max:  9.2908e-02
Peak Current: -5.1880 @ θ=-2.44
Conservation A+B: 1.19e-07
Conservation C+D: 0.00e+00
============================================================
✅ Model saved to ./pinn_thin_layer_catalytic_v9_6_best.pth (epoch 59500)
  ✓ New best model saved (Nernst: 5.6913e-02)

Epoch 59500 | Total: 1.3609e+01
  PDE_thin: 1.1823e-01 | PDE_ext: 6.4303e-03
  Surface: 5.7032e-02 (w=209.42)
  Interface: 4.5719e-04 (w=200.0)
  Hard: A+B=1.19e-07, C+D=0.00e+00
  Nernst=5.82e-02 | J_rxn=4.7408e+00
  C_B(δ)=0.6349, C_C(δ)=7.1405
  Best Nernst: 5.69e-02 @ 59500
  LR: 4.60e-05

============================================================
Validation @ Epoch 60000
============================================================
Nernst RMSE: 5.2006e-02
Nernst Max:  8.7035e-02
Peak Current: -5.1487 @ θ=-2.44
Conservation A+B: 5.96e-08
Conservation C+D: 0.00e+00
============================================================
✅ Model saved to ./pinn_thin_layer_catalytic_v9_6_best.pth (epoch 60000)
  ✓ New best model saved (Nernst: 5.2006e-02)

Epoch 60000 | Total: 1.4825e+01
  PDE_thin: 1.7993e-01 | PDE_ext: 8.4000e-03
  Surface: 4.6241e-02 (w=268.90)
  Interface: 2.0740e-04 (w=200.0)
  Hard: A+B=1.19e-07, C+D=0.00e+00
  Nernst=5.33e-02 | J_rxn=4.8458e+00
  C_B(δ)=0.6439, C_C(δ)=7.2303
  Best Nernst: 5.20e-02 @ 60000
  LR: 4.52e-05

============================================================
Interface Physics Verification (v9.6)
============================================================
Mean reaction rate J_rxn: 2.9959e+00
Interface C_B mean: 4.6812e-01
Interface C_C mean: 6.8376e+00

Flux verification:
  J_A mean: -2.9903e+00, error: 8.4254e-03
  J_B mean: 2.9903e+00, error: 8.4255e-03
  J_C mean: -3.0005e+00, error: 6.4852e-03
  J_D mean: 3.0005e+00, error: 6.4852e-03

Mass conservation:
  Net flux: 0.0000e+00 (should be ≈ 0)
============================================================

============================================================
Validation @ Epoch 60500
============================================================
Nernst RMSE: 4.7053e-02
Nernst Max:  7.9165e-02
Peak Current: -5.0962 @ θ=-2.44
Conservation A+B: 1.19e-07
Conservation C+D: 0.00e+00
============================================================
✅ Model saved to ./pinn_thin_layer_catalytic_v9_6_best.pth (epoch 60500)
  ✓ New best model saved (Nernst: 4.7053e-02)

Epoch 60500 | Total: 1.6605e+01
  PDE_thin: 8.7087e-02 | PDE_ext: 1.2523e-02
  Surface: 4.3286e-02 (w=345.28)
  Interface: 1.6175e-04 (w=200.0)
  Hard: A+B=1.19e-07, C+D=0.00e+00
  Nernst=4.76e-02 | J_rxn=4.0509e+00
  C_B(δ)=0.5616, C_C(δ)=6.8135
  Best Nernst: 4.71e-02 @ 60500
  LR: 4.44e-05

============================================================
Validation @ Epoch 61000
============================================================
Nernst RMSE: 4.4654e-02
Nernst Max:  7.3663e-02
Peak Current: -5.0332 @ θ=-2.44
Conservation A+B: 5.96e-08
Conservation C+D: 0.00e+00
============================================================
✅ Model saved to ./pinn_thin_layer_catalytic_v9_6_best.pth (epoch 61000)
  ✓ New best model saved (Nernst: 4.4654e-02)

Epoch 61000 | Total: 2.1757e+01
  PDE_thin: 1.0009e-01 | PDE_ext: 1.8108e-02
  Surface: 4.3895e-02 (w=443.34)
  Interface: 9.2744e-04 (w=200.0)
  Hard: A+B=1.19e-07, C+D=0.00e+00
  Nernst=4.84e-02 | J_rxn=4.5388e+00
  C_B(δ)=0.6360, C_C(δ)=6.8382
  Best Nernst: 4.47e-02 @ 61000
  LR: 4.36e-05

============================================================
Validation @ Epoch 61500
============================================================
Nernst RMSE: 3.9126e-02
Nernst Max:  6.6184e-02
Peak Current: -4.9156 @ θ=-2.44
Conservation A+B: 1.19e-07
Conservation C+D: 0.00e+00
============================================================
✅ Model saved to ./pinn_thin_layer_catalytic_v9_6_best.pth (epoch 61500)
  ✓ New best model saved (Nernst: 3.9126e-02)

Epoch 61500 | Total: 2.2985e+01
  PDE_thin: 1.8885e-01 | PDE_ext: 2.3306e-02
  Surface: 3.4478e-02 (w=569.26)
  Interface: 4.2365e-04 (w=200.0)
  Hard: A+B=1.19e-07, C+D=0.00e+00
  Nernst=4.24e-02 | J_rxn=4.4217e+00
  C_B(δ)=0.6612, C_C(δ)=6.3773
  Best Nernst: 3.91e-02 @ 61500
  LR: 4.27e-05

============================================================
Validation @ Epoch 62000
============================================================
Nernst RMSE: 3.5060e-02
Nernst Max:  5.9696e-02
Peak Current: -4.7658 @ θ=-2.31
Conservation A+B: 1.19e-07
Conservation C+D: 0.00e+00
============================================================
✅ Model saved to ./pinn_thin_layer_catalytic_v9_6_best.pth (epoch 62000)
  ✓ New best model saved (Nernst: 3.5060e-02)

Epoch 62000 | Total: 2.7355e+01
  PDE_thin: 1.9031e-01 | PDE_ext: 3.1544e-02
  Surface: 3.1723e-02 (w=730.95)
  Interface: 6.1489e-04 (w=200.0)
  Hard: A+B=1.19e-07, C+D=0.00e+00
  Nernst=3.86e-02 | J_rxn=4.3973e+00
  C_B(δ)=0.6649, C_C(δ)=6.2792
  Best Nernst: 3.51e-02 @ 62000
  LR: 4.17e-05

============================================================
Interface Physics Verification (v9.6)
============================================================
Mean reaction rate J_rxn: 2.7573e+00
Interface C_B mean: 4.9045e-01
Interface C_C mean: 6.0339e+00

Flux verification:
  J_A mean: -2.7445e+00, error: 1.7551e-02
  J_B mean: 2.7445e+00, error: 1.7551e-02
  J_C mean: -2.7585e+00, error: 3.4614e-03
  J_D mean: 2.7585e+00, error: 3.4614e-03

Mass conservation:
  Net flux: 0.0000e+00 (should be ≈ 0)
============================================================

============================================================
Validation @ Epoch 62500
============================================================
Nernst RMSE: 3.1284e-02
Nernst Max:  5.3749e-02
Peak Current: -4.5975 @ θ=-2.31
Conservation A+B: 1.19e-07
Conservation C+D: 0.00e+00
============================================================
✅ Model saved to ./pinn_thin_layer_catalytic_v9_6_best.pth (epoch 62500)
  ✓ New best model saved (Nernst: 3.1284e-02)

Epoch 62500 | Total: 3.3058e+01
  PDE_thin: 2.3493e-01 | PDE_ext: 4.6696e-02
  Surface: 2.9317e-02 (w=938.56)
  Interface: 6.0953e-04 (w=200.0)
  Hard: A+B=1.19e-07, C+D=0.00e+00
  Nernst=2.58e-02 | J_rxn=3.6104e+00
  C_B(δ)=0.5855, C_C(δ)=5.7872
  Best Nernst: 3.13e-02 @ 62500
  LR: 4.07e-05

============================================================
Validation @ Epoch 63000
============================================================
Nernst RMSE: 2.7772e-02
Nernst Max:  4.7733e-02
Peak Current: -4.3677 @ θ=-2.31
Conservation A+B: 5.96e-08
Conservation C+D: 0.00e+00
============================================================
✅ Model saved to ./pinn_thin_layer_catalytic_v9_6_best.pth (epoch 63000)
  ✓ New best model saved (Nernst: 2.7772e-02)

Epoch 63000 | Total: 3.8184e+01
  PDE_thin: 2.0383e-01 | PDE_ext: 6.2139e-02
  Surface: 2.6402e-02 (w=1205.13)
  Interface: 5.7169e-04 (w=200.0)
  Hard: A+B=1.19e-07, C+D=0.00e+00
  Nernst=2.67e-02 | J_rxn=2.9996e+00
  C_B(δ)=0.5096, C_C(δ)=5.3653
  Best Nernst: 2.78e-02 @ 63000
  LR: 3.97e-05

============================================================
Validation @ Epoch 63500
============================================================
Nernst RMSE: 2.4063e-02
Nernst Max:  4.1672e-02
Peak Current: -4.1004 @ θ=-2.31
Conservation A+B: 1.19e-07
Conservation C+D: 0.00e+00
============================================================
✅ Model saved to ./pinn_thin_layer_catalytic_v9_6_best.pth (epoch 63500)
  ✓ New best model saved (Nernst: 2.4063e-02)

Epoch 63500 | Total: 4.3445e+01
  PDE_thin: 3.5733e-01 | PDE_ext: 8.4314e-02
  Surface: 2.2047e-02 (w=1547.42)
  Interface: 9.0754e-04 (w=200.0)
  Hard: A+B=1.19e-07, C+D=0.00e+00
  Nernst=2.61e-02 | J_rxn=3.2954e+00
  C_B(δ)=0.5990, C_C(δ)=5.1416
  Best Nernst: 2.41e-02 @ 63500
  LR: 3.86e-05

============================================================
Validation @ Epoch 64000
============================================================
Nernst RMSE: 2.1363e-02
Nernst Max:  3.7244e-02
Peak Current: -3.8350 @ θ=-2.17
Conservation A+B: 1.19e-07
Conservation C+D: 0.00e+00
============================================================
✅ Model saved to ./pinn_thin_layer_catalytic_v9_6_best.pth (epoch 64000)
  ✓ New best model saved (Nernst: 2.1363e-02)

Epoch 64000 | Total: 1.4376e+01
  PDE_thin: 2.6239e-01 | PDE_ext: 1.3276e-01
  Surface: 1.9678e-02 (w=150.00)
  Interface: 1.4758e-03 (w=200.0)
  Hard: A+B=1.19e-07, C+D=0.00e+00
  Nernst=2.36e-02 | J_rxn=2.8055e+00
  C_B(δ)=0.5703, C_C(δ)=4.6132
  Best Nernst: 2.14e-02 @ 64000
  LR: 3.75e-05

============================================================
Interface Physics Verification (v9.6)
============================================================
Mean reaction rate J_rxn: 2.1835e+00
Interface C_B mean: 5.2058e-01
Interface C_C mean: 4.5399e+00

Flux verification:
  J_A mean: -2.1771e+00, error: 2.0923e-02
  J_B mean: 2.1771e+00, error: 2.0923e-02
  J_C mean: -2.1967e+00, error: 1.3368e-02
  J_D mean: 2.1967e+00, error: 1.3368e-02

Mass conservation:
  Net flux: 0.0000e+00 (should be ≈ 0)
============================================================

============================================================
Validation @ Epoch 64500
============================================================
Nernst RMSE: 2.9886e-02
Nernst Max:  5.1493e-02
Peak Current: -4.6280 @ θ=-2.44
Conservation A+B: 1.19e-07
Conservation C+D: 0.00e+00
============================================================

Epoch 64500 | Total: 1.2185e+01
  PDE_thin: 3.9797e-01 | PDE_ext: 2.7417e-02
  Surface: 2.5860e-02 (w=209.34)
  Interface: 2.7145e-04 (w=200.0)
  Hard: A+B=1.19e-07, C+D=0.00e+00
  Nernst=3.10e-02 | J_rxn=3.1333e+00
  C_B(δ)=0.5086, C_C(δ)=5.7909
  Best Nernst: 2.14e-02 @ 64000
  LR: 3.64e-05

============================================================
Validation @ Epoch 65000
============================================================
Nernst RMSE: 3.1726e-02
Nernst Max:  5.4498e-02
Peak Current: -4.9993 @ θ=-2.44
Conservation A+B: 5.96e-08
Conservation C+D: 0.00e+00
============================================================

Epoch 65000 | Total: 1.1112e+01
  PDE_thin: 9.1216e-02 | PDE_ext: 1.6682e-02
  Surface: 3.0191e-02 (w=292.16)
  Interface: 3.7093e-04 (w=200.0)
  Hard: A+B=1.19e-07, C+D=0.00e+00
  Nernst=3.28e-02 | J_rxn=3.7852e+00
  C_B(δ)=0.5573, C_C(δ)=6.3633
  Best Nernst: 2.14e-02 @ 64000
  LR: 3.52e-05

============================================================
Validation @ Epoch 65500
============================================================
Nernst RMSE: 3.1873e-02
Nernst Max:  5.3859e-02
Peak Current: -5.1632 @ θ=-2.44
Conservation A+B: 1.19e-07
Conservation C+D: 0.00e+00
============================================================

Epoch 65500 | Total: 1.4996e+01
  PDE_thin: 1.0635e-01 | PDE_ext: 9.1694e-03
  Surface: 3.1830e-02 (w=407.74)
  Interface: 6.0176e-04 (w=200.0)
  Hard: A+B=1.19e-07, C+D=0.00e+00
  Nernst=3.80e-02 | J_rxn=4.5156e+00
  C_B(δ)=0.6046, C_C(δ)=6.9601
  Best Nernst: 2.14e-02 @ 64000
  LR: 3.40e-05

============================================================
Validation @ Epoch 66000
============================================================
Nernst RMSE: 3.0007e-02
Nernst Max:  5.1514e-02
Peak Current: -5.1405 @ θ=-2.44
Conservation A+B: 5.96e-08
Conservation C+D: 0.00e+00
============================================================

Epoch 66000 | Total: 1.5430e+01
  PDE_thin: 1.1225e-01 | PDE_ext: 1.3093e-02
  Surface: 2.6664e-02 (w=500.00)
  Interface: 2.2742e-04 (w=200.0)
  Hard: A+B=1.19e-07, C+D=0.00e+00
  Nernst=3.30e-02 | J_rxn=4.6696e+00
  C_B(δ)=0.6521, C_C(δ)=6.8655
  Best Nernst: 2.14e-02 @ 64000
  LR: 3.28e-05

============================================================
Interface Physics Verification (v9.6)
============================================================
Mean reaction rate J_rxn: 2.9608e+00
Interface C_B mean: 4.8653e-01
Interface C_C mean: 6.5228e+00

Flux verification:
  J_A mean: -2.9545e+00, error: 1.0517e-02
  J_B mean: 2.9545e+00, error: 1.0517e-02
  J_C mean: -2.9628e+00, error: 2.2921e-03
  J_D mean: 2.9628e+00, error: 2.2921e-03

Mass conservation:
  Net flux: 0.0000e+00 (should be ≈ 0)
============================================================

============================================================
Validation @ Epoch 66500
============================================================
Nernst RMSE: 2.9391e-02
Nernst Max:  5.0030e-02
Peak Current: -5.1311 @ θ=-2.44
Conservation A+B: 1.19e-07
Conservation C+D: 0.00e+00
============================================================

Epoch 66500 | Total: 1.6274e+01
  PDE_thin: 1.2094e-01 | PDE_ext: 1.3963e-02
  Surface: 2.7989e-02 (w=500.00)
  Interface: 3.1007e-04 (w=200.0)
  Hard: A+B=1.19e-07, C+D=0.00e+00
  Nernst=2.98e-02 | J_rxn=3.3953e+00
  C_B(δ)=0.4972, C_C(δ)=6.3487
  Best Nernst: 2.14e-02 @ 64000
  LR: 3.15e-05

============================================================
Validation @ Epoch 67000
============================================================
Nernst RMSE: 2.8368e-02
Nernst Max:  4.8675e-02
Peak Current: -5.1355 @ θ=-2.44
Conservation A+B: 1.19e-07
Conservation C+D: 0.00e+00
============================================================

Epoch 67000 | Total: 1.5088e+01
  PDE_thin: 1.2027e-01 | PDE_ext: 1.2770e-02
  Surface: 2.5635e-02 (w=500.00)
  Interface: 1.9793e-04 (w=200.0)
  Hard: A+B=1.19e-07, C+D=0.00e+00
  Nernst=2.84e-02 | J_rxn=3.7735e+00
  C_B(δ)=0.5355, C_C(δ)=6.6373
  Best Nernst: 2.14e-02 @ 64000
  LR: 3.02e-05

============================================================
Validation @ Epoch 67500
============================================================
Nernst RMSE: 2.7747e-02
Nernst Max:  4.7885e-02
Peak Current: -5.1575 @ θ=-2.58
Conservation A+B: 1.19e-07
Conservation C+D: 0.00e+00
============================================================

Epoch 67500 | Total: 1.4861e+01
  PDE_thin: 1.4349e-01 | PDE_ext: 1.2881e-02
  Surface: 2.4833e-02 (w=500.00)
  Interface: 3.1729e-04 (w=200.0)
  Hard: A+B=1.19e-07, C+D=0.00e+00
  Nernst=2.89e-02 | J_rxn=3.9424e+00
  C_B(δ)=0.5661, C_C(δ)=6.5397
  Best Nernst: 2.14e-02 @ 64000
  LR: 2.90e-05

============================================================
Validation @ Epoch 68000
============================================================
Nernst RMSE: 2.7398e-02
Nernst Max:  4.7117e-02
Peak Current: -5.1746 @ θ=-2.58
Conservation A+B: 1.19e-07
Conservation C+D: 0.00e+00
============================================================

Epoch 68000 | Total: 1.5014e+01
  PDE_thin: 1.3771e-01 | PDE_ext: 1.1496e-02
  Surface: 2.5271e-02 (w=500.00)
  Interface: 3.6190e-04 (w=200.0)
  Hard: A+B=1.19e-07, C+D=0.00e+00
  Nernst=3.02e-02 | J_rxn=4.9976e+00
  C_B(δ)=0.6856, C_C(δ)=6.9296
  Best Nernst: 2.14e-02 @ 64000
  LR: 2.77e-05

============================================================
Interface Physics Verification (v9.6)
============================================================
Mean reaction rate J_rxn: 2.9754e+00
Interface C_B mean: 4.8807e-01
Interface C_C mean: 6.5365e+00

Flux verification:
  J_A mean: -2.9701e+00, error: 9.3505e-03
  J_B mean: 2.9701e+00, error: 9.3505e-03
  J_C mean: -2.9778e+00, error: 4.1514e-03
  J_D mean: 2.9778e+00, error: 4.1514e-03

Mass conservation:
  Net flux: 0.0000e+00 (should be ≈ 0)
============================================================

============================================================
Validation @ Epoch 68500
============================================================
Nernst RMSE: 2.6954e-02
Nernst Max:  4.6377e-02
Peak Current: -5.1942 @ θ=-2.58
Conservation A+B: 1.19e-07
Conservation C+D: 0.00e+00
============================================================

Epoch 68500 | Total: 1.4356e+01
  PDE_thin: 1.2054e-01 | PDE_ext: 9.9203e-03
  Surface: 2.4464e-02 (w=500.00)
  Interface: 5.7411e-04 (w=200.0)
  Hard: A+B=1.19e-07, C+D=0.00e+00
  Nernst=3.03e-02 | J_rxn=4.2149e+00
  C_B(δ)=0.5757, C_C(δ)=6.8566
  Best Nernst: 2.14e-02 @ 64000
  LR: 2.64e-05

============================================================
Validation @ Epoch 69000
============================================================
Nernst RMSE: 2.6448e-02
Nernst Max:  4.5626e-02
Peak Current: -5.2061 @ θ=-2.58
Conservation A+B: 1.19e-07
Conservation C+D: 0.00e+00
============================================================

Epoch 69000 | Total: 1.3440e+01
  PDE_thin: 1.1372e-01 | PDE_ext: 1.1345e-02
  Surface: 2.2845e-02 (w=500.00)
  Interface: 1.6648e-04 (w=200.0)
  Hard: A+B=1.19e-07, C+D=0.00e+00
  Nernst=2.67e-02 | J_rxn=4.6094e+00
  C_B(δ)=0.6313, C_C(δ)=6.8235
  Best Nernst: 2.14e-02 @ 64000
  LR: 2.50e-05

============================================================
Validation @ Epoch 69500
============================================================
Nernst RMSE: 2.6624e-02
Nernst Max:  4.5061e-02
Peak Current: -5.2269 @ θ=-2.58
Conservation A+B: 1.19e-07
Conservation C+D: 0.00e+00
============================================================

============================================================
Early stopping at epoch 69500
Best Nernst error: 2.1363e-02 at epoch 64000
============================================================
✅ Model saved to ./pinn_thin_layer_catalytic_v9_6.pth (epoch 69501)

================================================================================
Final Validation

============================================================
Validation @ Epoch 69501
============================================================
Nernst RMSE: 2.6624e-02
Nernst Max:  4.5061e-02
Peak Current: -5.2269 @ θ=-2.58
Conservation A+B: 1.19e-07
Conservation C+D: 0.00e+00
============================================================

================================================================================
Final Physics Validation

============================================================
Interface Physics Verification (v9.6)
============================================================
Mean reaction rate J_rxn: 3.0251e+00
Interface C_B mean: 4.9273e-01
Interface C_C mean: 6.5743e+00

Flux verification:
  J_A mean: -3.0315e+00, error: 1.0530e-02
  J_B mean: 3.0315e+00, error: 1.0530e-02
  J_C mean: -3.0269e+00, error: 7.1655e-03
  J_D mean: 3.0269e+00, error: 7.1655e-03

Mass conservation:
  Net flux: 0.0000e+00 (should be ≈ 0)
============================================================

================================================================================
THIN-LAYER ELECTROCATALYTIC RESULTS (v9.6)
================================================================================
Peak current (catalytic):     -5.226918
Peak current (pure thin-layer): -0.350000
Catalytic enhancement factor:   14.93x
FDM reference enhancement:      17.32x
Peak potential:                 -2.5753
Interface flux error:           8.85e-03
Final Nernst error:             1.88e-02
================================================================================

Detailed results saved to: ./results_thin_layer_catalytic_v9_6.pkl

================================================================================
v9.6 model training completed
================================================================================
✓ Interface weight increased to 200
✓ Interface sampling increased
✓ Farfield sampling increased
✓ Flux sign verified correct (unchanged)

Model file: ./pinn_thin_layer_catalytic_v9_6.pth
Best model: ./pinn_thin_layer_catalytic_v9_6_best.pth
Results figure: ./thin_layer_catalytic_v9_6_results.png
================================================================================
